[2]*baz{&baz{Beta: interface {
}{"foo"}}, &baz{Beta: interface {
}{123}}}