valast: pointers to interfaces are not allowed, found *test.Bazer