valast: cannot convert unexported value map[string]valast.unexportedInt