&struct {
	v **test.Bazer
}{v: valast.Addr(valast.AddrInterface(nil, (*test.Bazer)(nil)).(*test.Bazer)).(**test.Bazer)}