valast: cannot convert unexported value valast.unexportedArray