valast: cannot convert unexported value struct { V valast.unexportedInterface }