valast: cannot convert unexported value valast.unexportedComplex64