valast: cannot convert unexported value valast.unexportedSlice