valast: cannot convert unexported value valast.unexportedUint64