valast.Addr(&map[string]string{"hello": "world"}).(**map[string]string)