valast: cannot convert unexported value valast.unexportedPointer