valast: cannot convert unexported value valast.unexportedMap