valast: cannot convert unexported value valast.unexportedUintptr