&struct {
	v *test.Bazer
}{v: valast.AddrInterface(nil, (*test.Bazer)(nil)).(*test.Bazer)}