valast: cannot convert unexported value valast.unexportedString