valast.Addr(valast.Addr(valast.Addr(int(1)).(*int)).(**int)).(***int)