valast.Addr(valast.Addr(valast.Addr(uint(1)).(*uint)).(**uint)).(***uint)