string("hello world hello world hello world hello world hello world hello world hello world hello world\n`hello world hello world hello world hello world hello world hello world hello world")