valast: cannot convert unexported value struct { zeta valast.foo }