valast: cannot convert unexported value valast.unexportedStruct