struct {
	a int
	b int
	V string
}{a: 1, b: 2, V: "efg"}