valast.Addr(&struct {
	A string
}{A: "hello world"}).(**struct {
	A string
})