valast: cannot convert unexported value valast.unexportedFloat64