valast.Addr(unsafe.Pointer(uintptr(0xdeadbeef))).(*unsafe.Pointer)