valast: cannot convert unexported value valast.unexportedBool