valast: cannot convert unexported value map[valast.unexportedInt]string