valast: cannot convert unexported value valast.unexportedInt64